// Jest Snapshot v1, https://goo.gl/fbAQLP

exports[`Text should render correctly with required props 1`] = `
<span
  className="text"
  style={
    Object {
      "fontSize": 16,
    }
  }
>
  child
</span>
`;
