// Jest Snapshot v1, https://goo.gl/fbAQLP

exports[`BaseButton should render correctly  1`] = `
<button
  className="base-button"
>
  <div>
    children
  </div>
</button>
`;
